// Vitest Snapshot v1

exports[`should render adopted css styles in shadow root template 1`] = `
"<template shadowroot=\\"open\\"><style>
        div {
          display: inline-block;
        }
      
        .container {
          color: blue;
          order: 4;
        }
      </style></template>"
`;
