// Vitest Snapshot v1

exports[`should reflect props 1`] = `
{
  "attributes": " foo=\\"10\\" bar=\\"20\\" data-hydrate=\\"\\" data-delegate=\\"\\"",
  "code": "<mk-test-4 foo=\\"10\\" bar=\\"20\\" data-hydrate=\\"\\" data-delegate=\\"\\"><!--#internal-->Test<!--/#internal--></mk-test-4>",
  "innerHTML": "<!--#internal-->Test<!--/#internal-->",
}
`;

exports[`should render attributes 1`] = `
{
  "attributes": " foo=\\"1\\" bar=\\"2\\" data-hydrate=\\"\\" data-delegate=\\"\\"",
  "code": "<mk-test-1 foo=\\"1\\" bar=\\"2\\" data-hydrate=\\"\\" data-delegate=\\"\\"><!--#internal-->Test<!--/#internal--></mk-test-1>",
  "innerHTML": "<!--#internal-->Test<!--/#internal-->",
}
`;

exports[`should render class list 1`] = `
{
  "attributes": " class=\\"bux foo baz boo hux\\" data-hydrate=\\"\\" data-delegate=\\"\\"",
  "code": "<mk-test-2 class=\\"bux foo baz boo hux\\" data-hydrate=\\"\\" data-delegate=\\"\\"><!--#internal-->Test<!--/#internal--></mk-test-2>",
  "innerHTML": "<!--#internal-->Test<!--/#internal-->",
}
`;

exports[`should render styles 1`] = `
{
  "attributes": " style=\\"display: content;color: white;foo: 1;bar: 2;baz: 3;--hux: none;\\" data-hydrate=\\"\\" data-delegate=\\"\\"",
  "code": "<mk-test-3 style=\\"display: content;color: white;foo: 1;bar: 2;baz: 3;--hux: none;\\" data-hydrate=\\"\\" data-delegate=\\"\\"><!--#internal-->Test<!--/#internal--></mk-test-3>",
  "innerHTML": "<!--#internal-->Test<!--/#internal-->",
}
`;
