// Vitest Snapshot v1

exports[`should hydrate 1`] = `
<root>
  <!--$-->
  <div>
    Count is
    <!--$-->
    1
    <!--/$-->
    <!--$-->
    <span>
      <!--$-->
      1
      <!--/$-->
    </span>
  </div>
</root>
`;

exports[`should hydrate 2`] = `
<root>
  <!--$-->
  <div>
    Count is
    <!--$-->
    2
    <!--/$-->
    <!--$-->
    <span>
      <!--$-->
      2
      <!--/$-->
    </span>
  </div>
</root>
`;
